
> nextn@0.1.0 build
> next build

  ▲ Next.js 14.2.35

   Creating an optimized production build ...
 ✓ Compiled successfully
   Linting and checking validity of types ...
   Collecting page data ...
   Generating static pages (0/29) ...
 ⨯ useSearchParams() should be wrapped in a suspense boundary at page "/ppc". Read more: https://nextjs.org/docs/messages/missing-suspense-with-csr-bailout
    at i (/Users/kylangillam/Downloads/foundit-marketing-main/.next/server/chunks/284.js:1:16914)
    at c (/Users/kylangillam/Downloads/foundit-marketing-main/.next/server/chunks/284.js:1:27897)
    at n (/Users/kylangillam/Downloads/foundit-marketing-main/.next/server/chunks/158.js:18:23238)
    at nj (/Users/kylangillam/Downloads/foundit-marketing-main/node_modules/next/dist/compiled/next-server/app-page.runtime.prod.js:12:46252)
    at nM (/Users/kylangillam/Downloads/foundit-marketing-main/node_modules/next/dist/compiled/next-server/app-page.runtime.prod.js:12:47572)
    at nM (/Users/kylangillam/Downloads/foundit-marketing-main/node_modules/next/dist/compiled/next-server/app-page.runtime.prod.js:12:61547)
    at nL (/Users/kylangillam/Downloads/foundit-marketing-main/node_modules/next/dist/compiled/next-server/app-page.runtime.prod.js:12:64547)
    at nB (/Users/kylangillam/Downloads/foundit-marketing-main/node_modules/next/dist/compiled/next-server/app-page.runtime.prod.js:12:67539)
    at nD (/Users/kylangillam/Downloads/foundit-marketing-main/node_modules/next/dist/compiled/next-server/app-page.runtime.prod.js:12:66681)
    at nL (/Users/kylangillam/Downloads/foundit-marketing-main/node_modules/next/dist/compiled/next-server/app-page.runtime.prod.js:12:64854)

Error occurred prerendering page "/ppc". Read more: https://nextjs.org/docs/messages/prerender-error

 ⨯ useSearchParams() should be wrapped in a suspense boundary at page "/case-studies". Read more: https://nextjs.org/docs/messages/missing-suspense-with-csr-bailout
    at i (/Users/kylangillam/Downloads/foundit-marketing-main/.next/server/chunks/284.js:1:16914)
    at c (/Users/kylangillam/Downloads/foundit-marketing-main/.next/server/chunks/284.js:1:27897)
    at n (/Users/kylangillam/Downloads/foundit-marketing-main/.next/server/chunks/158.js:18:23238)
    at nj (/Users/kylangillam/Downloads/foundit-marketing-main/node_modules/next/dist/compiled/next-server/app-page.runtime.prod.js:12:46252)
    at nM (/Users/kylangillam/Downloads/foundit-marketing-main/node_modules/next/dist/compiled/next-server/app-page.runtime.prod.js:12:47572)
    at nM (/Users/kylangillam/Downloads/foundit-marketing-main/node_modules/next/dist/compiled/next-server/app-page.runtime.prod.js:12:61547)
    at nL (/Users/kylangillam/Downloads/foundit-marketing-main/node_modules/next/dist/compiled/next-server/app-page.runtime.prod.js:12:64547)
    at nB (/Users/kylangillam/Downloads/foundit-marketing-main/node_modules/next/dist/compiled/next-server/app-page.runtime.prod.js:12:67539)
    at nD (/Users/kylangillam/Downloads/foundit-marketing-main/node_modules/next/dist/compiled/next-server/app-page.runtime.prod.js:12:66681)
    at nL (/Users/kylangillam/Downloads/foundit-marketing-main/node_modules/next/dist/compiled/next-server/app-page.runtime.prod.js:12:64854)

Error occurred prerendering page "/case-studies". Read more: https://nextjs.org/docs/messages/prerender-error

 ⨯ useSearchParams() should be wrapped in a suspense boundary at page "/contact". Read more: https://nextjs.org/docs/messages/missing-suspense-with-csr-bailout
    at i (/Users/kylangillam/Downloads/foundit-marketing-main/.next/server/chunks/284.js:1:16914)
    at c (/Users/kylangillam/Downloads/foundit-marketing-main/.next/server/chunks/284.js:1:27897)
    at n (/Users/kylangillam/Downloads/foundit-marketing-main/.next/server/chunks/158.js:18:23238)
    at nj (/Users/kylangillam/Downloads/foundit-marketing-main/node_modules/next/dist/compiled/next-server/app-page.runtime.prod.js:12:46252)
    at nM (/Users/kylangillam/Downloads/foundit-marketing-main/node_modules/next/dist/compiled/next-server/app-page.runtime.prod.js:12:47572)
    at nM (/Users/kylangillam/Downloads/foundit-marketing-main/node_modules/next/dist/compiled/next-server/app-page.runtime.prod.js:12:61547)
    at nL (/Users/kylangillam/Downloads/foundit-marketing-main/node_modules/next/dist/compiled/next-server/app-page.runtime.prod.js:12:64547)
    at nB (/Users/kylangillam/Downloads/foundit-marketing-main/node_modules/next/dist/compiled/next-server/app-page.runtime.prod.js:12:67539)
    at nD (/Users/kylangillam/Downloads/foundit-marketing-main/node_modules/next/dist/compiled/next-server/app-page.runtime.prod.js:12:66681)
    at nL (/Users/kylangillam/Downloads/foundit-marketing-main/node_modules/next/dist/compiled/next-server/app-page.runtime.prod.js:12:64854)

Error occurred prerendering page "/contact". Read more: https://nextjs.org/docs/messages/prerender-error

 ⨯ useSearchParams() should be wrapped in a suspense boundary at page "/404". Read more: https://nextjs.org/docs/messages/missing-suspense-with-csr-bailout
    at i (/Users/kylangillam/Downloads/foundit-marketing-main/.next/server/chunks/284.js:1:16914)
    at c (/Users/kylangillam/Downloads/foundit-marketing-main/.next/server/chunks/284.js:1:27897)
    at n (/Users/kylangillam/Downloads/foundit-marketing-main/.next/server/chunks/158.js:18:23238)
    at nj (/Users/kylangillam/Downloads/foundit-marketing-main/node_modules/next/dist/compiled/next-server/app-page.runtime.prod.js:12:46252)
    at nM (/Users/kylangillam/Downloads/foundit-marketing-main/node_modules/next/dist/compiled/next-server/app-page.runtime.prod.js:12:47572)
    at nM (/Users/kylangillam/Downloads/foundit-marketing-main/node_modules/next/dist/compiled/next-server/app-page.runtime.prod.js:12:61547)
    at nL (/Users/kylangillam/Downloads/foundit-marketing-main/node_modules/next/dist/compiled/next-server/app-page.runtime.prod.js:12:64547)
    at nB (/Users/kylangillam/Downloads/foundit-marketing-main/node_modules/next/dist/compiled/next-server/app-page.runtime.prod.js:12:67539)
    at nD (/Users/kylangillam/Downloads/foundit-marketing-main/node_modules/next/dist/compiled/next-server/app-page.runtime.prod.js:12:66681)
    at nL (/Users/kylangillam/Downloads/foundit-marketing-main/node_modules/next/dist/compiled/next-server/app-page.runtime.prod.js:12:64854)

Error occurred prerendering page "/_not-found". Read more: https://nextjs.org/docs/messages/prerender-error

   Generating static pages (7/29) 
 ⨯ useSearchParams() should be wrapped in a suspense boundary at page "/central-louisiana-web-design". Read more: https://nextjs.org/docs/messages/missing-suspense-with-csr-bailout
    at i (/Users/kylangillam/Downloads/foundit-marketing-main/.next/server/chunks/284.js:1:16914)
    at c (/Users/kylangillam/Downloads/foundit-marketing-main/.next/server/chunks/284.js:1:27897)
    at n (/Users/kylangillam/Downloads/foundit-marketing-main/.next/server/chunks/158.js:18:23238)
    at nj (/Users/kylangillam/Downloads/foundit-marketing-main/node_modules/next/dist/compiled/next-server/app-page.runtime.prod.js:12:46252)
    at nM (/Users/kylangillam/Downloads/foundit-marketing-main/node_modules/next/dist/compiled/next-server/app-page.runtime.prod.js:12:47572)
    at nM (/Users/kylangillam/Downloads/foundit-marketing-main/node_modules/next/dist/compiled/next-server/app-page.runtime.prod.js:12:61547)
    at nL (/Users/kylangillam/Downloads/foundit-marketing-main/node_modules/next/dist/compiled/next-server/app-page.runtime.prod.js:12:64547)
    at nB (/Users/kylangillam/Downloads/foundit-marketing-main/node_modules/next/dist/compiled/next-server/app-page.runtime.prod.js:12:67539)
    at nD (/Users/kylangillam/Downloads/foundit-marketing-main/node_modules/next/dist/compiled/next-server/app-page.runtime.prod.js:12:66681)
    at nL (/Users/kylangillam/Downloads/foundit-marketing-main/node_modules/next/dist/compiled/next-server/app-page.runtime.prod.js:12:64854)

Error occurred prerendering page "/central-louisiana-web-design". Read more: https://nextjs.org/docs/messages/prerender-error

 ⨯ useSearchParams() should be wrapped in a suspense boundary at page "/free-proposal". Read more: https://nextjs.org/docs/messages/missing-suspense-with-csr-bailout
    at i (/Users/kylangillam/Downloads/foundit-marketing-main/.next/server/chunks/284.js:1:16914)
    at c (/Users/kylangillam/Downloads/foundit-marketing-main/.next/server/chunks/284.js:1:27897)
    at n (/Users/kylangillam/Downloads/foundit-marketing-main/.next/server/chunks/158.js:18:23238)
    at nj (/Users/kylangillam/Downloads/foundit-marketing-main/node_modules/next/dist/compiled/next-server/app-page.runtime.prod.js:12:46252)
    at nM (/Users/kylangillam/Downloads/foundit-marketing-main/node_modules/next/dist/compiled/next-server/app-page.runtime.prod.js:12:47572)
    at nM (/Users/kylangillam/Downloads/foundit-marketing-main/node_modules/next/dist/compiled/next-server/app-page.runtime.prod.js:12:61547)
    at nL (/Users/kylangillam/Downloads/foundit-marketing-main/node_modules/next/dist/compiled/next-server/app-page.runtime.prod.js:12:64547)
    at nB (/Users/kylangillam/Downloads/foundit-marketing-main/node_modules/next/dist/compiled/next-server/app-page.runtime.prod.js:12:67539)
    at nD (/Users/kylangillam/Downloads/foundit-marketing-main/node_modules/next/dist/compiled/next-server/app-page.runtime.prod.js:12:66681)
    at nL (/Users/kylangillam/Downloads/foundit-marketing-main/node_modules/next/dist/compiled/next-server/app-page.runtime.prod.js:12:64854)

Error occurred prerendering page "/free-proposal". Read more: https://nextjs.org/docs/messages/prerender-error

 ⨯ useSearchParams() should be wrapped in a suspense boundary at page "/about". Read more: https://nextjs.org/docs/messages/missing-suspense-with-csr-bailout
    at i (/Users/kylangillam/Downloads/foundit-marketing-main/.next/server/chunks/284.js:1:16914)
    at c (/Users/kylangillam/Downloads/foundit-marketing-main/.next/server/chunks/284.js:1:27897)
    at n (/Users/kylangillam/Downloads/foundit-marketing-main/.next/server/chunks/158.js:18:23238)
    at nj (/Users/kylangillam/Downloads/foundit-marketing-main/node_modules/next/dist/compiled/next-server/app-page.runtime.prod.js:12:46252)
    at nM (/Users/kylangillam/Downloads/foundit-marketing-main/node_modules/next/dist/compiled/next-server/app-page.runtime.prod.js:12:47572)
    at nM (/Users/kylangillam/Downloads/foundit-marketing-main/node_modules/next/dist/compiled/next-server/app-page.runtime.prod.js:12:61547)
    at nL (/Users/kylangillam/Downloads/foundit-marketing-main/node_modules/next/dist/compiled/next-server/app-page.runtime.prod.js:12:64547)
    at nB (/Users/kylangillam/Downloads/foundit-marketing-main/node_modules/next/dist/compiled/next-server/app-page.runtime.prod.js:12:67539)
    at nD (/Users/kylangillam/Downloads/foundit-marketing-main/node_modules/next/dist/compiled/next-server/app-page.runtime.prod.js:12:66681)
    at nL (/Users/kylangillam/Downloads/foundit-marketing-main/node_modules/next/dist/compiled/next-server/app-page.runtime.prod.js:12:64854)

Error occurred prerendering page "/about". Read more: https://nextjs.org/docs/messages/prerender-error

 ⨯ useSearchParams() should be wrapped in a suspense boundary at page "/team". Read more: https://nextjs.org/docs/messages/missing-suspense-with-csr-bailout
    at i (/Users/kylangillam/Downloads/foundit-marketing-main/.next/server/chunks/284.js:1:16914)
    at c (/Users/kylangillam/Downloads/foundit-marketing-main/.next/server/chunks/284.js:1:27897)
    at n (/Users/kylangillam/Downloads/foundit-marketing-main/.next/server/chunks/158.js:18:23238)
    at nj (/Users/kylangillam/Downloads/foundit-marketing-main/node_modules/next/dist/compiled/next-server/app-page.runtime.prod.js:12:46252)
    at nM (/Users/kylangillam/Downloads/foundit-marketing-main/node_modules/next/dist/compiled/next-server/app-page.runtime.prod.js:12:47572)
    at nM (/Users/kylangillam/Downloads/foundit-marketing-main/node_modules/next/dist/compiled/next-server/app-page.runtime.prod.js:12:61547)
    at nL (/Users/kylangillam/Downloads/foundit-marketing-main/node_modules/next/dist/compiled/next-server/app-page.runtime.prod.js:12:64547)
    at nB (/Users/kylangillam/Downloads/foundit-marketing-main/node_modules/next/dist/compiled/next-server/app-page.runtime.prod.js:12:67539)
    at nD (/Users/kylangillam/Downloads/foundit-marketing-main/node_modules/next/dist/compiled/next-server/app-page.runtime.prod.js:12:66681)
    at nL (/Users/kylangillam/Downloads/foundit-marketing-main/node_modules/next/dist/compiled/next-server/app-page.runtime.prod.js:12:64854)

Error occurred prerendering page "/team". Read more: https://nextjs.org/docs/messages/prerender-error

 ⨯ useSearchParams() should be wrapped in a suspense boundary at page "/blog/[slug]". Read more: https://nextjs.org/docs/messages/missing-suspense-with-csr-bailout
    at i (/Users/kylangillam/Downloads/foundit-marketing-main/.next/server/chunks/284.js:1:16914)
    at c (/Users/kylangillam/Downloads/foundit-marketing-main/.next/server/chunks/284.js:1:27897)
    at n (/Users/kylangillam/Downloads/foundit-marketing-main/.next/server/chunks/158.js:18:23238)
    at nj (/Users/kylangillam/Downloads/foundit-marketing-main/node_modules/next/dist/compiled/next-server/app-page.runtime.prod.js:12:46252)
    at nM (/Users/kylangillam/Downloads/foundit-marketing-main/node_modules/next/dist/compiled/next-server/app-page.runtime.prod.js:12:47572)
    at nM (/Users/kylangillam/Downloads/foundit-marketing-main/node_modules/next/dist/compiled/next-server/app-page.runtime.prod.js:12:61547)
    at nL (/Users/kylangillam/Downloads/foundit-marketing-main/node_modules/next/dist/compiled/next-server/app-page.runtime.prod.js:12:64547)
    at nB (/Users/kylangillam/Downloads/foundit-marketing-main/node_modules/next/dist/compiled/next-server/app-page.runtime.prod.js:12:67539)
    at nD (/Users/kylangillam/Downloads/foundit-marketing-main/node_modules/next/dist/compiled/next-server/app-page.runtime.prod.js:12:66681)
    at nL (/Users/kylangillam/Downloads/foundit-marketing-main/node_modules/next/dist/compiled/next-server/app-page.runtime.prod.js:12:64854)

Error occurred prerendering page "/blog/local-seo-dominance". Read more: https://nextjs.org/docs/messages/prerender-error

   Generating static pages (14/29) 
 ⨯ useSearchParams() should be wrapped in a suspense boundary at page "/blog/[slug]". Read more: https://nextjs.org/docs/messages/missing-suspense-with-csr-bailout
    at i (/Users/kylangillam/Downloads/foundit-marketing-main/.next/server/chunks/284.js:1:16914)
    at c (/Users/kylangillam/Downloads/foundit-marketing-main/.next/server/chunks/284.js:1:27897)
    at n (/Users/kylangillam/Downloads/foundit-marketing-main/.next/server/chunks/158.js:18:23238)
    at nj (/Users/kylangillam/Downloads/foundit-marketing-main/node_modules/next/dist/compiled/next-server/app-page.runtime.prod.js:12:46252)
    at nM (/Users/kylangillam/Downloads/foundit-marketing-main/node_modules/next/dist/compiled/next-server/app-page.runtime.prod.js:12:47572)
    at nM (/Users/kylangillam/Downloads/foundit-marketing-main/node_modules/next/dist/compiled/next-server/app-page.runtime.prod.js:12:61547)
    at nL (/Users/kylangillam/Downloads/foundit-marketing-main/node_modules/next/dist/compiled/next-server/app-page.runtime.prod.js:12:64547)
    at nB (/Users/kylangillam/Downloads/foundit-marketing-main/node_modules/next/dist/compiled/next-server/app-page.runtime.prod.js:12:67539)
    at nD (/Users/kylangillam/Downloads/foundit-marketing-main/node_modules/next/dist/compiled/next-server/app-page.runtime.prod.js:12:66681)
    at nL (/Users/kylangillam/Downloads/foundit-marketing-main/node_modules/next/dist/compiled/next-server/app-page.runtime.prod.js:12:64854)

Error occurred prerendering page "/blog/ai-content-strategy". Read more: https://nextjs.org/docs/messages/prerender-error

 ⨯ useSearchParams() should be wrapped in a suspense boundary at page "/blog/[slug]". Read more: https://nextjs.org/docs/messages/missing-suspense-with-csr-bailout
    at i (/Users/kylangillam/Downloads/foundit-marketing-main/.next/server/chunks/284.js:1:16914)
    at c (/Users/kylangillam/Downloads/foundit-marketing-main/.next/server/chunks/284.js:1:27897)
    at n (/Users/kylangillam/Downloads/foundit-marketing-main/.next/server/chunks/158.js:18:23238)
    at nj (/Users/kylangillam/Downloads/foundit-marketing-main/node_modules/next/dist/compiled/next-server/app-page.runtime.prod.js:12:46252)
    at nM (/Users/kylangillam/Downloads/foundit-marketing-main/node_modules/next/dist/compiled/next-server/app-page.runtime.prod.js:12:47572)
    at nM (/Users/kylangillam/Downloads/foundit-marketing-main/node_modules/next/dist/compiled/next-server/app-page.runtime.prod.js:12:61547)
    at nL (/Users/kylangillam/Downloads/foundit-marketing-main/node_modules/next/dist/compiled/next-server/app-page.runtime.prod.js:12:64547)
    at nB (/Users/kylangillam/Downloads/foundit-marketing-main/node_modules/next/dist/compiled/next-server/app-page.runtime.prod.js:12:67539)
    at nD (/Users/kylangillam/Downloads/foundit-marketing-main/node_modules/next/dist/compiled/next-server/app-page.runtime.prod.js:12:66681)
    at nL (/Users/kylangillam/Downloads/foundit-marketing-main/node_modules/next/dist/compiled/next-server/app-page.runtime.prod.js:12:64854)

Error occurred prerendering page "/blog/intro-to-geo". Read more: https://nextjs.org/docs/messages/prerender-error

 ⨯ useSearchParams() should be wrapped in a suspense boundary at page "/blog/[slug]". Read more: https://nextjs.org/docs/messages/missing-suspense-with-csr-bailout
    at i (/Users/kylangillam/Downloads/foundit-marketing-main/.next/server/chunks/284.js:1:16914)
    at c (/Users/kylangillam/Downloads/foundit-marketing-main/.next/server/chunks/284.js:1:27897)
    at n (/Users/kylangillam/Downloads/foundit-marketing-main/.next/server/chunks/158.js:18:23238)
    at nj (/Users/kylangillam/Downloads/foundit-marketing-main/node_modules/next/dist/compiled/next-server/app-page.runtime.prod.js:12:46252)
    at nM (/Users/kylangillam/Downloads/foundit-marketing-main/node_modules/next/dist/compiled/next-server/app-page.runtime.prod.js:12:47572)
    at nM (/Users/kylangillam/Downloads/foundit-marketing-main/node_modules/next/dist/compiled/next-server/app-page.runtime.prod.js:12:61547)
    at nL (/Users/kylangillam/Downloads/foundit-marketing-main/node_modules/next/dist/compiled/next-server/app-page.runtime.prod.js:12:64547)
    at nB (/Users/kylangillam/Downloads/foundit-marketing-main/node_modules/next/dist/compiled/next-server/app-page.runtime.prod.js:12:67539)
    at nD (/Users/kylangillam/Downloads/foundit-marketing-main/node_modules/next/dist/compiled/next-server/app-page.runtime.prod.js:12:66681)
    at nL (/Users/kylangillam/Downloads/foundit-marketing-main/node_modules/next/dist/compiled/next-server/app-page.runtime.prod.js:12:64854)

Error occurred prerendering page "/blog/common-ppc-mistakes". Read more: https://nextjs.org/docs/messages/prerender-error

 ⨯ useSearchParams() should be wrapped in a suspense boundary at page "/privacy-policy". Read more: https://nextjs.org/docs/messages/missing-suspense-with-csr-bailout
    at i (/Users/kylangillam/Downloads/foundit-marketing-main/.next/server/chunks/284.js:1:16914)
    at c (/Users/kylangillam/Downloads/foundit-marketing-main/.next/server/chunks/284.js:1:27897)
    at n (/Users/kylangillam/Downloads/foundit-marketing-main/.next/server/chunks/158.js:18:23238)
    at nj (/Users/kylangillam/Downloads/foundit-marketing-main/node_modules/next/dist/compiled/next-server/app-page.runtime.prod.js:12:46252)
    at nM (/Users/kylangillam/Downloads/foundit-marketing-main/node_modules/next/dist/compiled/next-server/app-page.runtime.prod.js:12:47572)
    at nM (/Users/kylangillam/Downloads/foundit-marketing-main/node_modules/next/dist/compiled/next-server/app-page.runtime.prod.js:12:61547)
    at nL (/Users/kylangillam/Downloads/foundit-marketing-main/node_modules/next/dist/compiled/next-server/app-page.runtime.prod.js:12:64547)
    at nB (/Users/kylangillam/Downloads/foundit-marketing-main/node_modules/next/dist/compiled/next-server/app-page.runtime.prod.js:12:67539)
    at nD (/Users/kylangillam/Downloads/foundit-marketing-main/node_modules/next/dist/compiled/next-server/app-page.runtime.prod.js:12:66681)
    at nL (/Users/kylangillam/Downloads/foundit-marketing-main/node_modules/next/dist/compiled/next-server/app-page.runtime.prod.js:12:64854)

Error occurred prerendering page "/privacy-policy". Read more: https://nextjs.org/docs/messages/prerender-error

 ⨯ useSearchParams() should be wrapped in a suspense boundary at page "/". Read more: https://nextjs.org/docs/messages/missing-suspense-with-csr-bailout
    at i (/Users/kylangillam/Downloads/foundit-marketing-main/.next/server/chunks/284.js:1:16914)
    at c (/Users/kylangillam/Downloads/foundit-marketing-main/.next/server/chunks/284.js:1:27897)
    at n (/Users/kylangillam/Downloads/foundit-marketing-main/.next/server/chunks/158.js:18:23238)
    at nj (/Users/kylangillam/Downloads/foundit-marketing-main/node_modules/next/dist/compiled/next-server/app-page.runtime.prod.js:12:46252)
    at nM (/Users/kylangillam/Downloads/foundit-marketing-main/node_modules/next/dist/compiled/next-server/app-page.runtime.prod.js:12:47572)
    at nM (/Users/kylangillam/Downloads/foundit-marketing-main/node_modules/next/dist/compiled/next-server/app-page.runtime.prod.js:12:61547)
    at nL (/Users/kylangillam/Downloads/foundit-marketing-main/node_modules/next/dist/compiled/next-server/app-page.runtime.prod.js:12:64547)
    at nB (/Users/kylangillam/Downloads/foundit-marketing-main/node_modules/next/dist/compiled/next-server/app-page.runtime.prod.js:12:67539)
    at nD (/Users/kylangillam/Downloads/foundit-marketing-main/node_modules/next/dist/compiled/next-server/app-page.runtime.prod.js:12:66681)
    at nL (/Users/kylangillam/Downloads/foundit-marketing-main/node_modules/next/dist/compiled/next-server/app-page.runtime.prod.js:12:64854)

Error occurred prerendering page "/". Read more: https://nextjs.org/docs/messages/prerender-error

 ⨯ useSearchParams() should be wrapped in a suspense boundary at page "/blog". Read more: https://nextjs.org/docs/messages/missing-suspense-with-csr-bailout
    at i (/Users/kylangillam/Downloads/foundit-marketing-main/.next/server/chunks/284.js:1:16914)
    at c (/Users/kylangillam/Downloads/foundit-marketing-main/.next/server/chunks/284.js:1:27897)
    at n (/Users/kylangillam/Downloads/foundit-marketing-main/.next/server/chunks/158.js:18:23238)
    at nj (/Users/kylangillam/Downloads/foundit-marketing-main/node_modules/next/dist/compiled/next-server/app-page.runtime.prod.js:12:46252)
    at nM (/Users/kylangillam/Downloads/foundit-marketing-main/node_modules/next/dist/compiled/next-server/app-page.runtime.prod.js:12:47572)
    at nM (/Users/kylangillam/Downloads/foundit-marketing-main/node_modules/next/dist/compiled/next-server/app-page.runtime.prod.js:12:61547)
    at nL (/Users/kylangillam/Downloads/foundit-marketing-main/node_modules/next/dist/compiled/next-server/app-page.runtime.prod.js:12:64547)
    at nB (/Users/kylangillam/Downloads/foundit-marketing-main/node_modules/next/dist/compiled/next-server/app-page.runtime.prod.js:12:67539)
    at nD (/Users/kylangillam/Downloads/foundit-marketing-main/node_modules/next/dist/compiled/next-server/app-page.runtime.prod.js:12:66681)
    at nL (/Users/kylangillam/Downloads/foundit-marketing-main/node_modules/next/dist/compiled/next-server/app-page.runtime.prod.js:12:64854)

Error occurred prerendering page "/blog". Read more: https://nextjs.org/docs/messages/prerender-error

 ⨯ useSearchParams() should be wrapped in a suspense boundary at page "/blog/[slug]". Read more: https://nextjs.org/docs/messages/missing-suspense-with-csr-bailout
    at i (/Users/kylangillam/Downloads/foundit-marketing-main/.next/server/chunks/284.js:1:16914)
    at c (/Users/kylangillam/Downloads/foundit-marketing-main/.next/server/chunks/284.js:1:27897)
    at n (/Users/kylangillam/Downloads/foundit-marketing-main/.next/server/chunks/158.js:18:23238)
    at nj (/Users/kylangillam/Downloads/foundit-marketing-main/node_modules/next/dist/compiled/next-server/app-page.runtime.prod.js:12:46252)
    at nM (/Users/kylangillam/Downloads/foundit-marketing-main/node_modules/next/dist/compiled/next-server/app-page.runtime.prod.js:12:47572)
    at nM (/Users/kylangillam/Downloads/foundit-marketing-main/node_modules/next/dist/compiled/next-server/app-page.runtime.prod.js:12:61547)
    at nL (/Users/kylangillam/Downloads/foundit-marketing-main/node_modules/next/dist/compiled/next-server/app-page.runtime.prod.js:12:64547)
    at nB (/Users/kylangillam/Downloads/foundit-marketing-main/node_modules/next/dist/compiled/next-server/app-page.runtime.prod.js:12:67539)
    at nD (/Users/kylangillam/Downloads/foundit-marketing-main/node_modules/next/dist/compiled/next-server/app-page.runtime.prod.js:12:66681)
    at nL (/Users/kylangillam/Downloads/foundit-marketing-main/node_modules/next/dist/compiled/next-server/app-page.runtime.prod.js:12:64854)

Error occurred prerendering page "/blog/weaponize-ai". Read more: https://nextjs.org/docs/messages/prerender-error

   Generating static pages (21/29) 
 ⨯ useSearchParams() should be wrapped in a suspense boundary at page "/feasibility-study". Read more: https://nextjs.org/docs/messages/missing-suspense-with-csr-bailout
    at i (/Users/kylangillam/Downloads/foundit-marketing-main/.next/server/chunks/284.js:1:16914)
    at c (/Users/kylangillam/Downloads/foundit-marketing-main/.next/server/chunks/284.js:1:27897)
    at n (/Users/kylangillam/Downloads/foundit-marketing-main/.next/server/chunks/158.js:18:23238)
    at nj (/Users/kylangillam/Downloads/foundit-marketing-main/node_modules/next/dist/compiled/next-server/app-page.runtime.prod.js:12:46252)
    at nM (/Users/kylangillam/Downloads/foundit-marketing-main/node_modules/next/dist/compiled/next-server/app-page.runtime.prod.js:12:47572)
    at nM (/Users/kylangillam/Downloads/foundit-marketing-main/node_modules/next/dist/compiled/next-server/app-page.runtime.prod.js:12:61547)
    at nL (/Users/kylangillam/Downloads/foundit-marketing-main/node_modules/next/dist/compiled/next-server/app-page.runtime.prod.js:12:64547)
    at nB (/Users/kylangillam/Downloads/foundit-marketing-main/node_modules/next/dist/compiled/next-server/app-page.runtime.prod.js:12:67539)
    at nD (/Users/kylangillam/Downloads/foundit-marketing-main/node_modules/next/dist/compiled/next-server/app-page.runtime.prod.js:12:66681)
    at nL (/Users/kylangillam/Downloads/foundit-marketing-main/node_modules/next/dist/compiled/next-server/app-page.runtime.prod.js:12:64854)

Error occurred prerendering page "/feasibility-study". Read more: https://nextjs.org/docs/messages/prerender-error

 ⨯ useSearchParams() should be wrapped in a suspense boundary at page "/pineville-seo". Read more: https://nextjs.org/docs/messages/missing-suspense-with-csr-bailout
    at i (/Users/kylangillam/Downloads/foundit-marketing-main/.next/server/chunks/284.js:1:16914)
    at c (/Users/kylangillam/Downloads/foundit-marketing-main/.next/server/chunks/284.js:1:27897)
    at n (/Users/kylangillam/Downloads/foundit-marketing-main/.next/server/chunks/158.js:18:23238)
    at nj (/Users/kylangillam/Downloads/foundit-marketing-main/node_modules/next/dist/compiled/next-server/app-page.runtime.prod.js:12:46252)
    at nM (/Users/kylangillam/Downloads/foundit-marketing-main/node_modules/next/dist/compiled/next-server/app-page.runtime.prod.js:12:47572)
    at nM (/Users/kylangillam/Downloads/foundit-marketing-main/node_modules/next/dist/compiled/next-server/app-page.runtime.prod.js:12:61547)
    at nL (/Users/kylangillam/Downloads/foundit-marketing-main/node_modules/next/dist/compiled/next-server/app-page.runtime.prod.js:12:64547)
    at nB (/Users/kylangillam/Downloads/foundit-marketing-main/node_modules/next/dist/compiled/next-server/app-page.runtime.prod.js:12:67539)
    at nD (/Users/kylangillam/Downloads/foundit-marketing-main/node_modules/next/dist/compiled/next-server/app-page.runtime.prod.js:12:66681)
    at nL (/Users/kylangillam/Downloads/foundit-marketing-main/node_modules/next/dist/compiled/next-server/app-page.runtime.prod.js:12:64854)

Error occurred prerendering page "/pineville-seo". Read more: https://nextjs.org/docs/messages/prerender-error

 ⨯ useSearchParams() should be wrapped in a suspense boundary at page "/marketing-alexandria". Read more: https://nextjs.org/docs/messages/missing-suspense-with-csr-bailout
    at i (/Users/kylangillam/Downloads/foundit-marketing-main/.next/server/chunks/284.js:1:16914)
    at c (/Users/kylangillam/Downloads/foundit-marketing-main/.next/server/chunks/284.js:1:27897)
    at n (/Users/kylangillam/Downloads/foundit-marketing-main/.next/server/chunks/158.js:18:23238)
    at nj (/Users/kylangillam/Downloads/foundit-marketing-main/node_modules/next/dist/compiled/next-server/app-page.runtime.prod.js:12:46252)
    at nM (/Users/kylangillam/Downloads/foundit-marketing-main/node_modules/next/dist/compiled/next-server/app-page.runtime.prod.js:12:47572)
    at nM (/Users/kylangillam/Downloads/foundit-marketing-main/node_modules/next/dist/compiled/next-server/app-page.runtime.prod.js:12:61547)
    at nL (/Users/kylangillam/Downloads/foundit-marketing-main/node_modules/next/dist/compiled/next-server/app-page.runtime.prod.js:12:64547)
    at nB (/Users/kylangillam/Downloads/foundit-marketing-main/node_modules/next/dist/compiled/next-server/app-page.runtime.prod.js:12:67539)
    at nD (/Users/kylangillam/Downloads/foundit-marketing-main/node_modules/next/dist/compiled/next-server/app-page.runtime.prod.js:12:66681)
    at nL (/Users/kylangillam/Downloads/foundit-marketing-main/node_modules/next/dist/compiled/next-server/app-page.runtime.prod.js:12:64854)

Error occurred prerendering page "/marketing-alexandria". Read more: https://nextjs.org/docs/messages/prerender-error

 ⨯ useSearchParams() should be wrapped in a suspense boundary at page "/comprehensive-marketing". Read more: https://nextjs.org/docs/messages/missing-suspense-with-csr-bailout
    at i (/Users/kylangillam/Downloads/foundit-marketing-main/.next/server/chunks/284.js:1:16914)
    at c (/Users/kylangillam/Downloads/foundit-marketing-main/.next/server/chunks/284.js:1:27897)
    at n (/Users/kylangillam/Downloads/foundit-marketing-main/.next/server/chunks/158.js:18:23238)
    at nj (/Users/kylangillam/Downloads/foundit-marketing-main/node_modules/next/dist/compiled/next-server/app-page.runtime.prod.js:12:46252)
    at nM (/Users/kylangillam/Downloads/foundit-marketing-main/node_modules/next/dist/compiled/next-server/app-page.runtime.prod.js:12:47572)
    at nM (/Users/kylangillam/Downloads/foundit-marketing-main/node_modules/next/dist/compiled/next-server/app-page.runtime.prod.js:12:61547)
    at nL (/Users/kylangillam/Downloads/foundit-marketing-main/node_modules/next/dist/compiled/next-server/app-page.runtime.prod.js:12:64547)
    at nB (/Users/kylangillam/Downloads/foundit-marketing-main/node_modules/next/dist/compiled/next-server/app-page.runtime.prod.js:12:67539)
    at nD (/Users/kylangillam/Downloads/foundit-marketing-main/node_modules/next/dist/compiled/next-server/app-page.runtime.prod.js:12:66681)
    at nL (/Users/kylangillam/Downloads/foundit-marketing-main/node_modules/next/dist/compiled/next-server/app-page.runtime.prod.js:12:64854)

Error occurred prerendering page "/comprehensive-marketing". Read more: https://nextjs.org/docs/messages/prerender-error

 ⨯ useSearchParams() should be wrapped in a suspense boundary at page "/solutions". Read more: https://nextjs.org/docs/messages/missing-suspense-with-csr-bailout
    at i (/Users/kylangillam/Downloads/foundit-marketing-main/.next/server/chunks/284.js:1:16914)
    at c (/Users/kylangillam/Downloads/foundit-marketing-main/.next/server/chunks/284.js:1:27897)
    at n (/Users/kylangillam/Downloads/foundit-marketing-main/.next/server/chunks/158.js:18:23238)
    at nj (/Users/kylangillam/Downloads/foundit-marketing-main/node_modules/next/dist/compiled/next-server/app-page.runtime.prod.js:12:46252)
    at nM (/Users/kylangillam/Downloads/foundit-marketing-main/node_modules/next/dist/compiled/next-server/app-page.runtime.prod.js:12:47572)
    at nM (/Users/kylangillam/Downloads/foundit-marketing-main/node_modules/next/dist/compiled/next-server/app-page.runtime.prod.js:12:61547)
    at nL (/Users/kylangillam/Downloads/foundit-marketing-main/node_modules/next/dist/compiled/next-server/app-page.runtime.prod.js:12:64547)
    at nB (/Users/kylangillam/Downloads/foundit-marketing-main/node_modules/next/dist/compiled/next-server/app-page.runtime.prod.js:12:67539)
    at nD (/Users/kylangillam/Downloads/foundit-marketing-main/node_modules/next/dist/compiled/next-server/app-page.runtime.prod.js:12:66681)
    at nL (/Users/kylangillam/Downloads/foundit-marketing-main/node_modules/next/dist/compiled/next-server/app-page.runtime.prod.js:12:64854)

Error occurred prerendering page "/solutions". Read more: https://nextjs.org/docs/messages/prerender-error

 ⨯ useSearchParams() should be wrapped in a suspense boundary at page "/terms-of-service". Read more: https://nextjs.org/docs/messages/missing-suspense-with-csr-bailout
    at i (/Users/kylangillam/Downloads/foundit-marketing-main/.next/server/chunks/284.js:1:16914)
    at c (/Users/kylangillam/Downloads/foundit-marketing-main/.next/server/chunks/284.js:1:27897)
    at n (/Users/kylangillam/Downloads/foundit-marketing-main/.next/server/chunks/158.js:18:23238)
    at nj (/Users/kylangillam/Downloads/foundit-marketing-main/node_modules/next/dist/compiled/next-server/app-page.runtime.prod.js:12:46252)
    at nM (/Users/kylangillam/Downloads/foundit-marketing-main/node_modules/next/dist/compiled/next-server/app-page.runtime.prod.js:12:47572)
    at nM (/Users/kylangillam/Downloads/foundit-marketing-main/node_modules/next/dist/compiled/next-server/app-page.runtime.prod.js:12:61547)
    at nL (/Users/kylangillam/Downloads/foundit-marketing-main/node_modules/next/dist/compiled/next-server/app-page.runtime.prod.js:12:64547)
    at nB (/Users/kylangillam/Downloads/foundit-marketing-main/node_modules/next/dist/compiled/next-server/app-page.runtime.prod.js:12:67539)
    at nD (/Users/kylangillam/Downloads/foundit-marketing-main/node_modules/next/dist/compiled/next-server/app-page.runtime.prod.js:12:66681)
    at nL (/Users/kylangillam/Downloads/foundit-marketing-main/node_modules/next/dist/compiled/next-server/app-page.runtime.prod.js:12:64854)

Error occurred prerendering page "/terms-of-service". Read more: https://nextjs.org/docs/messages/prerender-error

 ⨯ useSearchParams() should be wrapped in a suspense boundary at page "/ai-visibility-check". Read more: https://nextjs.org/docs/messages/missing-suspense-with-csr-bailout
    at i (/Users/kylangillam/Downloads/foundit-marketing-main/.next/server/chunks/284.js:1:16914)
    at c (/Users/kylangillam/Downloads/foundit-marketing-main/.next/server/chunks/284.js:1:27897)
    at n (/Users/kylangillam/Downloads/foundit-marketing-main/.next/server/chunks/158.js:18:23238)
    at nj (/Users/kylangillam/Downloads/foundit-marketing-main/node_modules/next/dist/compiled/next-server/app-page.runtime.prod.js:12:46252)
    at nM (/Users/kylangillam/Downloads/foundit-marketing-main/node_modules/next/dist/compiled/next-server/app-page.runtime.prod.js:12:47572)
    at nM (/Users/kylangillam/Downloads/foundit-marketing-main/node_modules/next/dist/compiled/next-server/app-page.runtime.prod.js:12:61547)
    at nL (/Users/kylangillam/Downloads/foundit-marketing-main/node_modules/next/dist/compiled/next-server/app-page.runtime.prod.js:12:64547)
    at nB (/Users/kylangillam/Downloads/foundit-marketing-main/node_modules/next/dist/compiled/next-server/app-page.runtime.prod.js:12:67539)
    at nD (/Users/kylangillam/Downloads/foundit-marketing-main/node_modules/next/dist/compiled/next-server/app-page.runtime.prod.js:12:66681)
    at nL (/Users/kylangillam/Downloads/foundit-marketing-main/node_modules/next/dist/compiled/next-server/app-page.runtime.prod.js:12:64854)

Error occurred prerendering page "/ai-visibility-check". Read more: https://nextjs.org/docs/messages/prerender-error

 ⨯ useSearchParams() should be wrapped in a suspense boundary at page "/seo". Read more: https://nextjs.org/docs/messages/missing-suspense-with-csr-bailout
    at i (/Users/kylangillam/Downloads/foundit-marketing-main/.next/server/chunks/284.js:1:16914)
    at c (/Users/kylangillam/Downloads/foundit-marketing-main/.next/server/chunks/284.js:1:27897)
    at n (/Users/kylangillam/Downloads/foundit-marketing-main/.next/server/chunks/158.js:18:23238)
    at nj (/Users/kylangillam/Downloads/foundit-marketing-main/node_modules/next/dist/compiled/next-server/app-page.runtime.prod.js:12:46252)
    at nM (/Users/kylangillam/Downloads/foundit-marketing-main/node_modules/next/dist/compiled/next-server/app-page.runtime.prod.js:12:47572)
    at nM (/Users/kylangillam/Downloads/foundit-marketing-main/node_modules/next/dist/compiled/next-server/app-page.runtime.prod.js:12:61547)
    at nL (/Users/kylangillam/Downloads/foundit-marketing-main/node_modules/next/dist/compiled/next-server/app-page.runtime.prod.js:12:64547)
    at nB (/Users/kylangillam/Downloads/foundit-marketing-main/node_modules/next/dist/compiled/next-server/app-page.runtime.prod.js:12:67539)
    at nD (/Users/kylangillam/Downloads/foundit-marketing-main/node_modules/next/dist/compiled/next-server/app-page.runtime.prod.js:12:66681)
    at nL (/Users/kylangillam/Downloads/foundit-marketing-main/node_modules/next/dist/compiled/next-server/app-page.runtime.prod.js:12:64854)

Error occurred prerendering page "/seo". Read more: https://nextjs.org/docs/messages/prerender-error

 ✓ Generating static pages (29/29)

> Export encountered errors on following paths:
	/_not-found/page: /_not-found
	/about/page: /about
	/ai-visibility-check/page: /ai-visibility-check
	/blog/[slug]/page: /blog/ai-content-strategy
	/blog/[slug]/page: /blog/common-ppc-mistakes
	/blog/[slug]/page: /blog/intro-to-geo
	/blog/[slug]/page: /blog/local-seo-dominance
	/blog/[slug]/page: /blog/weaponize-ai
	/blog/page: /blog
	/case-studies/page: /case-studies
	/central-louisiana-web-design/page: /central-louisiana-web-design
	/comprehensive-marketing/page: /comprehensive-marketing
	/contact/page: /contact
	/feasibility-study/page: /feasibility-study
	/free-proposal/page: /free-proposal
	/marketing-alexandria/page: /marketing-alexandria
	/page: /
	/pineville-seo/page: /pineville-seo
	/ppc/page: /ppc
	/privacy-policy/page: /privacy-policy
	/seo/page: /seo
	/solutions/page: /solutions
	/team/page: /team
	/terms-of-service/page: /terms-of-service
